#
# There is insufficient memory for the Java Runtime Environment to continue.
# Native memory allocation (malloc) failed to allocate 1957664 bytes. Error detail: Chunk::new
# Possible reasons:
#   The system is out of physical RAM or swap space
#   This process is running with CompressedOops enabled, and the Java Heap may be blocking the growth of the native heap
# Possible solutions:
#   Reduce memory load on the system
#   Increase physical memory or swap space
#   Check if swap backing store is full
#   Decrease Java heap size (-Xmx/-Xms)
#   Decrease number of Java threads
#   Decrease Java thread stack sizes (-Xss)
#   Set larger code cache with -XX:ReservedCodeCacheSize=
#   JVM is running with Zero Based Compressed Oops mode in which the Java heap is
#     placed in the first 32GB address space. The Java Heap base address is the
#     maximum limit for the native heap growth. Please use -XX:HeapBaseMinAddress
#     to set the Java Heap base and to place the Java Heap above 32GB virtual address.
# This output file may be truncated or incomplete.
#
#  Out of Memory Error (arena.cpp:191), pid=2528, tid=7088
#
# JRE version: OpenJDK Runtime Environment Microsoft-11926163 (17.0.16+8) (build 17.0.16+8-LTS)
# Java VM: OpenJDK 64-Bit Server VM Microsoft-11926163 (17.0.16+8-LTS, mixed mode, sharing, tiered, compressed oops, compressed class ptrs, g1 gc, windows-amd64)
# No core dump will be written. Minidumps are not enabled by default on client versions of Windows
#

---------------  S U M M A R Y ------------

Command Line: org.jetbrains.kotlin.cli.jvm.K2JVMCompiler @D:\Civic connect\node_modules\expo-modules-core\android\build\20260223_12854508388381991576.compiler.options

Host: 11th Gen Intel(R) Core(TM) i5-1135G7 @ 2.40GHz, 8 cores, 15G,  Windows 11 , 64 bit Build 22621 (10.0.22621.5415)
Time: Mon Feb 23 12:43:41 2026 India Standard Time elapsed time: 72.053341 seconds (0d 0h 1m 12s)

---------------  T H R E A D  ---------------

Current thread (0x000002cb70524a70):  JavaThread "C2 CompilerThread1" daemon [_thread_in_native, id=7088, stack(0x000000d691200000,0x000000d691300000)]


Current CompileTask:
C2:  72053 16357       4       org.jetbrains.kotlin.resolve.jvm.checkers.JavaNullabilityChecker$Companion$typeCheckerForEnhancedTypes$1::prepareType (9 bytes)

Stack: [0x000000d691200000,0x000000d691300000]
Native frames: (J=compiled Java code, j=interpreted, Vv=VM code, C=native code)
V  [jvm.dll+0x68ee19]
V  [jvm.dll+0x846249]
V  [jvm.dll+0x847fb8]
V  [jvm.dll+0x848643]
V  [jvm.dll+0x24cf6f]
V  [jvm.dll+0xaecb6]
V  [jvm.dll+0xaf35c]
V  [jvm.dll+0x37139e]
V  [jvm.dll+0x1c08f9]
V  [jvm.dll+0x21e080]
V  [jvm.dll+0x21d36d]
V  [jvm.dll+0x1a8ce6]
V  [jvm.dll+0x22db1b]
V  [jvm.dll+0x22bca6]
V  [jvm.dll+0x7fba9b]
V  [jvm.dll+0x7f5e9c]
V  [jvm.dll+0x68dd27]
C  [ucrtbase.dll+0x29333]
C  [KERNEL32.DLL+0x1259d]
C  [ntdll.dll+0x5af78]


---------------  P R O C E S S  ---------------

Threads class SMR info:
_java_thread_list=0x000002cb6f9ba070, length=13, elements={
0x000002cb44edde10, 0x000002cb67d6c9f0, 0x000002cb67d6d5b0, 0x000002cb67d7d540,
0x000002cb67d7df00, 0x000002cb67d7e8c0, 0x000002cb6c00ad50, 0x000002cb6c00ba00,
0x000002cb6c00dad0, 0x000002cb6c0754d0, 0x000002cb6c148f80, 0x000002cb6c14fb20,
0x000002cb70524a70
}

Java Threads: ( => current thread )
  0x000002cb44edde10 JavaThread "main" [_thread_in_Java, id=15120, stack(0x000000d68f500000,0x000000d68f600000)]
  0x000002cb67d6c9f0 JavaThread "Reference Handler" daemon [_thread_blocked, id=11488, stack(0x000000d68fd00000,0x000000d68fe00000)]
  0x000002cb67d6d5b0 JavaThread "Finalizer" daemon [_thread_blocked, id=14188, stack(0x000000d68fe00000,0x000000d68ff00000)]
  0x000002cb67d7d540 JavaThread "Signal Dispatcher" daemon [_thread_blocked, id=12900, stack(0x000000d68ff00000,0x000000d690000000)]
  0x000002cb67d7df00 JavaThread "Attach Listener" daemon [_thread_blocked, id=22096, stack(0x000000d690000000,0x000000d690100000)]
  0x000002cb67d7e8c0 JavaThread "Service Thread" daemon [_thread_blocked, id=21272, stack(0x000000d690100000,0x000000d690200000)]
  0x000002cb6c00ad50 JavaThread "Monitor Deflation Thread" daemon [_thread_blocked, id=9680, stack(0x000000d690200000,0x000000d690300000)]
  0x000002cb6c00ba00 JavaThread "C2 CompilerThread0" daemon [_thread_in_native, id=22044, stack(0x000000d690300000,0x000000d690400000)]
  0x000002cb6c00dad0 JavaThread "C1 CompilerThread0" daemon [_thread_blocked, id=13796, stack(0x000000d690400000,0x000000d690500000)]
  0x000002cb6c0754d0 JavaThread "Sweeper thread" daemon [_thread_blocked, id=8528, stack(0x000000d690500000,0x000000d690600000)]
  0x000002cb6c148f80 JavaThread "Notification Thread" daemon [_thread_blocked, id=11512, stack(0x000000d690600000,0x000000d690700000)]
  0x000002cb6c14fb20 JavaThread "Common-Cleaner" daemon [_thread_blocked, id=21488, stack(0x000000d690800000,0x000000d690900000)]
=>0x000002cb70524a70 JavaThread "C2 CompilerThread1" daemon [_thread_in_native, id=7088, stack(0x000000d691200000,0x000000d691300000)]

Other Threads:
  0x000002cb67d66d10 VMThread "VM Thread" [stack: 0x000000d68fc00000,0x000000d68fd00000] [id=8444]
  0x000002cb6c14b470 WatcherThread [stack: 0x000000d690700000,0x000000d690800000] [id=1584]
  0x000002cb44f4a3e0 GCTaskThread "GC Thread#0" [stack: 0x000000d68f700000,0x000000d68f800000] [id=16340]
  0x000002cb6c449280 GCTaskThread "GC Thread#1" [stack: 0x000000d690900000,0x000000d690a00000] [id=11288]
  0x000002cb6c5bce50 GCTaskThread "GC Thread#2" [stack: 0x000000d690a00000,0x000000d690b00000] [id=15240]
  0x000002cb6c5bd110 GCTaskThread "GC Thread#3" [stack: 0x000000d690b00000,0x000000d690c00000] [id=11768]
  0x000002cb6c5bd3d0 GCTaskThread "GC Thread#4" [stack: 0x000000d690c00000,0x000000d690d00000] [id=14300]
  0x000002cb6c5bd690 GCTaskThread "GC Thread#5" [stack: 0x000000d690d00000,0x000000d690e00000] [id=5764]
  0x000002cb6c6dced0 GCTaskThread "GC Thread#6" [stack: 0x000000d690e00000,0x000000d690f00000] [id=22224]
  0x000002cb6c6dd190 GCTaskThread "GC Thread#7" [stack: 0x000000d690f00000,0x000000d691000000] [id=4716]
  0x000002cb44f5af00 ConcurrentGCThread "G1 Main Marker" [stack: 0x000000d68f800000,0x000000d68f900000] [id=18884]
  0x000002cb44f5b920 ConcurrentGCThread "G1 Conc#0" [stack: 0x000000d68f900000,0x000000d68fa00000] [id=6316]
  0x000002cb6c625640 ConcurrentGCThread "G1 Conc#1" [stack: 0x000000d691000000,0x000000d691100000] [id=10384]
  0x000002cb44f8de50 ConcurrentGCThread "G1 Refine#0" [stack: 0x000000d68fa00000,0x000000d68fb00000] [id=14220]
  0x000002cb6d2e2070 ConcurrentGCThread "G1 Refine#1" [stack: 0x000000d691100000,0x000000d691200000] [id=14500]
  0x000002cb6d531230 ConcurrentGCThread "G1 Refine#2" [stack: 0x000000d691400000,0x000000d691500000] [id=20240]
  0x000002cb6d26e500 ConcurrentGCThread "G1 Refine#3" [stack: 0x000000d691500000,0x000000d691600000] [id=11344]
  0x000002cb6d530670 ConcurrentGCThread "G1 Refine#4" [stack: 0x000000d691600000,0x000000d691700000] [id=17156]
  0x000002cb44f8e880 ConcurrentGCThread "G1 Service" [stack: 0x000000d68fb00000,0x000000d68fc00000] [id=14380]

Threads with active compile tasks:
C2 CompilerThread0    72088 16514       4       org.jetbrains.kotlin.resolve.AnnotationChecker::checkExpression (379 bytes)
C2 CompilerThread1    72088 16357       4       org.jetbrains.kotlin.resolve.jvm.checkers.JavaNullabilityChecker$Companion$typeCheckerForEnhancedTypes$1::prepareType (9 bytes)

VM state: not at safepoint (normal execution)

VM Mutex/Monitor currently owned by a thread: None

Heap address: 0x0000000704200000, size: 4030 MB, Compressed Oops mode: Zero based, Oop shift amount: 3

CDS archive(s) mapped at: [0x000002cb00000000-0x000002cb00bb0000-0x000002cb00bb0000), size 12255232, SharedBaseAddress: 0x000002cb00000000, ArchiveRelocationMode: 1.
Compressed class space mapped at: 0x000002cb01000000-0x000002cb41000000, reserved size: 1073741824
Narrow klass base: 0x000002cb00000000, Narrow klass shift: 0, Narrow klass range: 0x100000000

GC Precious Log:
 CPUs: 8 total, 8 available
 Memory: 16118M
 Large Page Support: Disabled
 NUMA Support: Disabled
 Compressed Oops: Enabled (Zero based)
 Heap Region Size: 2M
 Heap Min Capacity: 8M
 Heap Initial Capacity: 252M
 Heap Max Capacity: 4030M
 Pre-touch: Disabled
 Parallel Workers: 8
 Concurrent Workers: 2
 Concurrent Refinement Workers: 8
 Periodic GC: Disabled

Heap:
 garbage-first heap   total 274432K, used 219807K [0x0000000704200000, 0x0000000800000000)
  region size 2048K, 54 young (110592K), 5 survivors (10240K)
 Metaspace       used 64655K, committed 65024K, reserved 1114112K
  class space    used 7263K, committed 7488K, reserved 1048576K

Heap Regions: E=young(eden), S=young(survivor), O=old, HS=humongous(starts), HC=humongous(continues), CS=collection set, F=free, OA=open archive, CA=closed archive, TAMS=top-at-mark-start (previous, next)
|   0|0x0000000704200000, 0x0000000704400000, 0x0000000704400000|100%|HS|  |TAMS 0x0000000704400000, 0x0000000704200000| Complete 
|   1|0x0000000704400000, 0x0000000704600000, 0x0000000704600000|100%|HC|  |TAMS 0x0000000704600000, 0x0000000704400000| Complete 
|   2|0x0000000704600000, 0x0000000704800000, 0x0000000704800000|100%|HS|  |TAMS 0x0000000704800000, 0x0000000704600000| Complete 
|   3|0x0000000704800000, 0x0000000704a00000, 0x0000000704a00000|100%|HS|  |TAMS 0x0000000704a00000, 0x0000000704800000| Complete 
|   4|0x0000000704a00000, 0x0000000704c00000, 0x0000000704c00000|100%|HC|  |TAMS 0x0000000704c00000, 0x0000000704a00000| Complete 
|   5|0x0000000704c00000, 0x0000000704e00000, 0x0000000704e00000|100%| O|  |TAMS 0x0000000704e00000, 0x0000000704c00000| Untracked 
|   6|0x0000000704e00000, 0x0000000705000000, 0x0000000705000000|100%| O|  |TAMS 0x0000000705000000, 0x0000000704e00000| Untracked 
|   7|0x0000000705000000, 0x0000000705200000, 0x0000000705200000|100%| O|  |TAMS 0x0000000705200000, 0x0000000705000000| Untracked 
|   8|0x0000000705200000, 0x0000000705400000, 0x0000000705400000|100%| O|  |TAMS 0x0000000705400000, 0x0000000705200000| Untracked 
|   9|0x0000000705400000, 0x0000000705600000, 0x0000000705600000|100%| O|  |TAMS 0x0000000705600000, 0x0000000705400000| Untracked 
|  10|0x0000000705600000, 0x0000000705800000, 0x0000000705800000|100%| O|  |TAMS 0x0000000705800000, 0x0000000705600000| Untracked 
|  11|0x0000000705800000, 0x0000000705a00000, 0x0000000705a00000|100%| O|  |TAMS 0x0000000705a00000, 0x0000000705800000| Untracked 
|  12|0x0000000705a00000, 0x0000000705c00000, 0x0000000705c00000|100%| O|  |TAMS 0x0000000705c00000, 0x0000000705a00000| Untracked 
|  13|0x0000000705c00000, 0x0000000705e00000, 0x0000000705e00000|100%| O|  |TAMS 0x0000000705e00000, 0x0000000705c00000| Untracked 
|  14|0x0000000705e00000, 0x0000000706000000, 0x0000000706000000|100%| O|  |TAMS 0x0000000706000000, 0x0000000705e00000| Untracked 
|  15|0x0000000706000000, 0x0000000706200000, 0x0000000706200000|100%| O|  |TAMS 0x0000000706200000, 0x0000000706000000| Untracked 
|  16|0x0000000706200000, 0x0000000706400000, 0x0000000706400000|100%| O|  |TAMS 0x0000000706400000, 0x0000000706200000| Untracked 
|  17|0x0000000706400000, 0x0000000706600000, 0x0000000706600000|100%| O|  |TAMS 0x0000000706600000, 0x0000000706400000| Untracked 
|  18|0x0000000706600000, 0x0000000706800000, 0x0000000706800000|100%| O|  |TAMS 0x0000000706800000, 0x0000000706600000| Untracked 
|  19|0x0000000706800000, 0x0000000706a00000, 0x0000000706a00000|100%| O|  |TAMS 0x0000000706a00000, 0x0000000706800000| Untracked 
|  20|0x0000000706a00000, 0x0000000706c00000, 0x0000000706c00000|100%| O|  |TAMS 0x0000000706c00000, 0x0000000706a00000| Untracked 
|  21|0x0000000706c00000, 0x0000000706e00000, 0x0000000706e00000|100%| O|  |TAMS 0x0000000706e00000, 0x0000000706c00000| Untracked 
|  22|0x0000000706e00000, 0x0000000707000000, 0x0000000707000000|100%|HS|  |TAMS 0x0000000707000000, 0x0000000706e00000| Complete 
|  23|0x0000000707000000, 0x0000000707200000, 0x0000000707200000|100%| O|  |TAMS 0x0000000707200000, 0x0000000707000000| Untracked 
|  24|0x0000000707200000, 0x0000000707400000, 0x0000000707400000|100%| O|  |TAMS 0x0000000707400000, 0x0000000707200000| Untracked 
|  25|0x0000000707400000, 0x0000000707600000, 0x0000000707600000|100%| O|  |TAMS 0x0000000707600000, 0x0000000707400000| Untracked 
|  26|0x0000000707600000, 0x0000000707800000, 0x0000000707800000|100%| O|  |TAMS 0x0000000707800000, 0x0000000707600000| Untracked 
|  27|0x0000000707800000, 0x0000000707a00000, 0x0000000707a00000|100%| O|  |TAMS 0x0000000707a00000, 0x0000000707800000| Untracked 
|  28|0x0000000707a00000, 0x0000000707c00000, 0x0000000707c00000|100%| O|  |TAMS 0x0000000707b9de00, 0x0000000707a00000| Untracked 
|  29|0x0000000707c00000, 0x0000000707e00000, 0x0000000707e00000|100%| O|  |TAMS 0x0000000707c00000, 0x0000000707c00000| Untracked 
|  30|0x0000000707e00000, 0x0000000708000000, 0x0000000708000000|100%| O|  |TAMS 0x0000000707e00000, 0x0000000707e00000| Untracked 
|  31|0x0000000708000000, 0x0000000708200000, 0x0000000708200000|100%| O|  |TAMS 0x0000000708000000, 0x0000000708000000| Untracked 
|  32|0x0000000708200000, 0x0000000708400000, 0x0000000708400000|100%| O|  |TAMS 0x0000000708200000, 0x0000000708200000| Untracked 
|  33|0x0000000708400000, 0x0000000708600000, 0x0000000708600000|100%| O|  |TAMS 0x0000000708400000, 0x0000000708400000| Untracked 
|  34|0x0000000708600000, 0x0000000708800000, 0x0000000708800000|100%| O|  |TAMS 0x0000000708600000, 0x0000000708600000| Untracked 
|  35|0x0000000708800000, 0x0000000708a00000, 0x0000000708a00000|100%| O|  |TAMS 0x0000000708800000, 0x0000000708800000| Untracked 
|  36|0x0000000708a00000, 0x0000000708c00000, 0x0000000708c00000|100%| O|  |TAMS 0x0000000708a00000, 0x0000000708a00000| Untracked 
|  37|0x0000000708c00000, 0x0000000708e00000, 0x0000000708e00000|100%| O|  |TAMS 0x0000000708c00000, 0x0000000708c00000| Untracked 
|  38|0x0000000708e00000, 0x0000000709000000, 0x0000000709000000|100%| O|  |TAMS 0x0000000708e00000, 0x0000000708e00000| Untracked 
|  39|0x0000000709000000, 0x0000000709200000, 0x0000000709200000|100%| O|  |TAMS 0x0000000709000000, 0x0000000709000000| Untracked 
|  40|0x0000000709200000, 0x0000000709400000, 0x0000000709400000|100%| O|  |TAMS 0x0000000709200000, 0x0000000709200000| Untracked 
|  41|0x0000000709400000, 0x0000000709600000, 0x0000000709600000|100%| O|  |TAMS 0x0000000709400000, 0x0000000709400000| Untracked 
|  42|0x0000000709600000, 0x0000000709800000, 0x0000000709800000|100%| O|  |TAMS 0x0000000709600000, 0x0000000709600000| Untracked 
|  43|0x0000000709800000, 0x0000000709a00000, 0x0000000709a00000|100%| O|  |TAMS 0x0000000709800000, 0x0000000709800000| Untracked 
|  44|0x0000000709a00000, 0x0000000709c00000, 0x0000000709c00000|100%| O|  |TAMS 0x0000000709a00000, 0x0000000709a00000| Untracked 
|  45|0x0000000709c00000, 0x0000000709e00000, 0x0000000709e00000|100%| O|  |TAMS 0x0000000709c00000, 0x0000000709c00000| Untracked 
|  46|0x0000000709e00000, 0x000000070a000000, 0x000000070a000000|100%| O|  |TAMS 0x0000000709e00000, 0x0000000709e00000| Untracked 
|  47|0x000000070a000000, 0x000000070a200000, 0x000000070a200000|100%| O|  |TAMS 0x000000070a000000, 0x000000070a000000| Untracked 
|  48|0x000000070a200000, 0x000000070a400000, 0x000000070a400000|100%| O|  |TAMS 0x000000070a200000, 0x000000070a200000| Untracked 
|  49|0x000000070a400000, 0x000000070a600000, 0x000000070a600000|100%| O|  |TAMS 0x000000070a400000, 0x000000070a400000| Untracked 
|  50|0x000000070a600000, 0x000000070a800000, 0x000000070a800000|100%| O|  |TAMS 0x000000070a600000, 0x000000070a600000| Untracked 
|  51|0x000000070a800000, 0x000000070aa00000, 0x000000070aa00000|100%| O|  |TAMS 0x000000070a800000, 0x000000070a800000| Untracked 
|  52|0x000000070aa00000, 0x000000070ac00000, 0x000000070ac00000|100%| O|  |TAMS 0x000000070aa00000, 0x000000070aa00000| Untracked 
|  53|0x000000070ac00000, 0x000000070ae00000, 0x000000070ae00000|100%| O|  |TAMS 0x000000070ac00000, 0x000000070ac00000| Untracked 
|  54|0x000000070ae00000, 0x000000070aee1c00, 0x000000070b000000| 44%| O|  |TAMS 0x000000070ae00000, 0x000000070ae00000| Untracked 
|  55|0x000000070b000000, 0x000000070b000000, 0x000000070b200000|  0%| F|  |TAMS 0x000000070b000000, 0x000000070b000000| Untracked 
|  56|0x000000070b200000, 0x000000070b200000, 0x000000070b400000|  0%| F|  |TAMS 0x000000070b200000, 0x000000070b200000| Untracked 
|  57|0x000000070b400000, 0x000000070b400000, 0x000000070b600000|  0%| F|  |TAMS 0x000000070b400000, 0x000000070b400000| Untracked 
|  58|0x000000070b600000, 0x000000070b600000, 0x000000070b800000|  0%| F|  |TAMS 0x000000070b600000, 0x000000070b600000| Untracked 
|  59|0x000000070b800000, 0x000000070b800000, 0x000000070ba00000|  0%| F|  |TAMS 0x000000070b800000, 0x000000070b800000| Untracked 
|  60|0x000000070ba00000, 0x000000070ba00000, 0x000000070bc00000|  0%| F|  |TAMS 0x000000070ba00000, 0x000000070ba00000| Untracked 
|  61|0x000000070bc00000, 0x000000070bc00000, 0x000000070be00000|  0%| F|  |TAMS 0x000000070bc00000, 0x000000070bc00000| Untracked 
|  62|0x000000070be00000, 0x000000070be00000, 0x000000070c000000|  0%| F|  |TAMS 0x000000070be00000, 0x000000070be00000| Untracked 
|  63|0x000000070c000000, 0x000000070c000000, 0x000000070c200000|  0%| F|  |TAMS 0x000000070c000000, 0x000000070c000000| Untracked 
|  64|0x000000070c200000, 0x000000070c200000, 0x000000070c400000|  0%| F|  |TAMS 0x000000070c200000, 0x000000070c200000| Untracked 
|  65|0x000000070c400000, 0x000000070c400000, 0x000000070c600000|  0%| F|  |TAMS 0x000000070c400000, 0x000000070c400000| Untracked 
|  66|0x000000070c600000, 0x000000070c600000, 0x000000070c800000|  0%| F|  |TAMS 0x000000070c600000, 0x000000070c600000| Untracked 
|  67|0x000000070c800000, 0x000000070c800000, 0x000000070ca00000|  0%| F|  |TAMS 0x000000070c800000, 0x000000070c800000| Untracked 
|  68|0x000000070ca00000, 0x000000070ca00000, 0x000000070cc00000|  0%| F|  |TAMS 0x000000070ca00000, 0x000000070ca00000| Untracked 
|  69|0x000000070cc00000, 0x000000070cc00000, 0x000000070ce00000|  0%| F|  |TAMS 0x000000070cc00000, 0x000000070cc00000| Untracked 
|  70|0x000000070ce00000, 0x000000070ce00000, 0x000000070d000000|  0%| F|  |TAMS 0x000000070ce00000, 0x000000070ce00000| Untracked 
|  71|0x000000070d000000, 0x000000070d000000, 0x000000070d200000|  0%| F|  |TAMS 0x000000070d000000, 0x000000070d000000| Untracked 
|  72|0x000000070d200000, 0x000000070d200000, 0x000000070d400000|  0%| F|  |TAMS 0x000000070d200000, 0x000000070d200000| Untracked 
|  73|0x000000070d400000, 0x000000070d400000, 0x000000070d600000|  0%| F|  |TAMS 0x000000070d400000, 0x000000070d400000| Untracked 
|  74|0x000000070d600000, 0x000000070d7c63c0, 0x000000070d800000| 88%| S|CS|TAMS 0x000000070d600000, 0x000000070d600000| Complete 
|  75|0x000000070d800000, 0x000000070da00000, 0x000000070da00000|100%| S|CS|TAMS 0x000000070d800000, 0x000000070d800000| Complete 
|  76|0x000000070da00000, 0x000000070dc00000, 0x000000070dc00000|100%| S|CS|TAMS 0x000000070da00000, 0x000000070da00000| Complete 
|  77|0x000000070dc00000, 0x000000070de00000, 0x000000070de00000|100%| S|CS|TAMS 0x000000070dc00000, 0x000000070dc00000| Complete 
|  78|0x000000070de00000, 0x000000070e000000, 0x000000070e000000|100%| S|CS|TAMS 0x000000070de00000, 0x000000070de00000| Complete 
|  79|0x000000070e000000, 0x000000070e000000, 0x000000070e200000|  0%| F|  |TAMS 0x000000070e000000, 0x000000070e000000| Untracked 
|  80|0x000000070e200000, 0x000000070e200000, 0x000000070e400000|  0%| F|  |TAMS 0x000000070e200000, 0x000000070e200000| Untracked 
|  81|0x000000070e400000, 0x000000070e400000, 0x000000070e600000|  0%| F|  |TAMS 0x000000070e400000, 0x000000070e400000| Untracked 
|  82|0x000000070e600000, 0x000000070e600000, 0x000000070e800000|  0%| F|  |TAMS 0x000000070e600000, 0x000000070e600000| Untracked 
|  83|0x000000070e800000, 0x000000070e800000, 0x000000070ea00000|  0%| F|  |TAMS 0x000000070e800000, 0x000000070e800000| Untracked 
|  84|0x000000070ea00000, 0x000000070ea00000, 0x000000070ec00000|  0%| F|  |TAMS 0x000000070ea00000, 0x000000070ea00000| Untracked 
|  85|0x000000070ec00000, 0x000000070ee00000, 0x000000070ee00000|100%| E|  |TAMS 0x000000070ec00000, 0x000000070ec00000| Complete 
|  86|0x000000070ee00000, 0x000000070f000000, 0x000000070f000000|100%| E|CS|TAMS 0x000000070ee00000, 0x000000070ee00000| Complete 
|  87|0x000000070f000000, 0x000000070f200000, 0x000000070f200000|100%| E|CS|TAMS 0x000000070f000000, 0x000000070f000000| Complete 
|  88|0x000000070f200000, 0x000000070f400000, 0x000000070f400000|100%| E|CS|TAMS 0x000000070f200000, 0x000000070f200000| Complete 
|  89|0x000000070f400000, 0x000000070f600000, 0x000000070f600000|100%| E|CS|TAMS 0x000000070f400000, 0x000000070f400000| Complete 
|  90|0x000000070f600000, 0x000000070f800000, 0x000000070f800000|100%| E|CS|TAMS 0x000000070f600000, 0x000000070f600000| Complete 
|  91|0x000000070f800000, 0x000000070fa00000, 0x000000070fa00000|100%| E|CS|TAMS 0x000000070f800000, 0x000000070f800000| Complete 
|  92|0x000000070fa00000, 0x000000070fc00000, 0x000000070fc00000|100%| E|CS|TAMS 0x000000070fa00000, 0x000000070fa00000| Complete 
|  93|0x000000070fc00000, 0x000000070fe00000, 0x000000070fe00000|100%| E|CS|TAMS 0x000000070fc00000, 0x000000070fc00000| Complete 
|  94|0x000000070fe00000, 0x0000000710000000, 0x0000000710000000|100%| E|CS|TAMS 0x000000070fe00000, 0x000000070fe00000| Complete 
|  95|0x0000000710000000, 0x0000000710200000, 0x0000000710200000|100%| E|CS|TAMS 0x0000000710000000, 0x0000000710000000| Complete 
|  96|0x0000000710200000, 0x0000000710400000, 0x0000000710400000|100%| E|CS|TAMS 0x0000000710200000, 0x0000000710200000| Complete 
|  97|0x0000000710400000, 0x0000000710600000, 0x0000000710600000|100%| E|CS|TAMS 0x0000000710400000, 0x0000000710400000| Complete 
|  98|0x0000000710600000, 0x0000000710800000, 0x0000000710800000|100%| E|CS|TAMS 0x0000000710600000, 0x0000000710600000| Complete 
|  99|0x0000000710800000, 0x0000000710a00000, 0x0000000710a00000|100%| E|CS|TAMS 0x0000000710800000, 0x0000000710800000| Complete 
| 100|0x0000000710a00000, 0x0000000710c00000, 0x0000000710c00000|100%| E|CS|TAMS 0x0000000710a00000, 0x0000000710a00000| Complete 
| 101|0x0000000710c00000, 0x0000000710e00000, 0x0000000710e00000|100%| E|CS|TAMS 0x0000000710c00000, 0x0000000710c00000| Complete 
| 102|0x0000000710e00000, 0x0000000711000000, 0x0000000711000000|100%| E|CS|TAMS 0x0000000710e00000, 0x0000000710e00000| Complete 
| 103|0x0000000711000000, 0x0000000711200000, 0x0000000711200000|100%| E|CS|TAMS 0x0000000711000000, 0x0000000711000000| Complete 
| 104|0x0000000711200000, 0x0000000711400000, 0x0000000711400000|100%| E|CS|TAMS 0x0000000711200000, 0x0000000711200000| Complete 
| 105|0x0000000711400000, 0x0000000711600000, 0x0000000711600000|100%| E|CS|TAMS 0x0000000711400000, 0x0000000711400000| Complete 
| 106|0x0000000711600000, 0x0000000711800000, 0x0000000711800000|100%| E|CS|TAMS 0x0000000711600000, 0x0000000711600000| Complete 
| 107|0x0000000711800000, 0x0000000711a00000, 0x0000000711a00000|100%| E|CS|TAMS 0x0000000711800000, 0x0000000711800000| Complete 
| 108|0x0000000711a00000, 0x0000000711c00000, 0x0000000711c00000|100%| E|CS|TAMS 0x0000000711a00000, 0x0000000711a00000| Complete 
| 109|0x0000000711c00000, 0x0000000711e00000, 0x0000000711e00000|100%| E|CS|TAMS 0x0000000711c00000, 0x0000000711c00000| Complete 
| 110|0x0000000711e00000, 0x0000000712000000, 0x0000000712000000|100%| E|CS|TAMS 0x0000000711e00000, 0x0000000711e00000| Complete 
| 111|0x0000000712000000, 0x0000000712200000, 0x0000000712200000|100%| E|CS|TAMS 0x0000000712000000, 0x0000000712000000| Complete 
| 112|0x0000000712200000, 0x0000000712400000, 0x0000000712400000|100%| E|CS|TAMS 0x0000000712200000, 0x0000000712200000| Complete 
| 113|0x0000000712400000, 0x0000000712600000, 0x0000000712600000|100%| E|CS|TAMS 0x0000000712400000, 0x0000000712400000| Complete 
| 114|0x0000000712600000, 0x0000000712800000, 0x0000000712800000|100%| E|CS|TAMS 0x0000000712600000, 0x0000000712600000| Complete 
| 115|0x0000000712800000, 0x0000000712a00000, 0x0000000712a00000|100%| E|CS|TAMS 0x0000000712800000, 0x0000000712800000| Complete 
| 116|0x0000000712a00000, 0x0000000712c00000, 0x0000000712c00000|100%| E|CS|TAMS 0x0000000712a00000, 0x0000000712a00000| Complete 
| 117|0x0000000712c00000, 0x0000000712e00000, 0x0000000712e00000|100%| E|CS|TAMS 0x0000000712c00000, 0x0000000712c00000| Complete 
| 118|0x0000000712e00000, 0x0000000713000000, 0x0000000713000000|100%| E|CS|TAMS 0x0000000712e00000, 0x0000000712e00000| Complete 
| 119|0x0000000713000000, 0x0000000713200000, 0x0000000713200000|100%| E|CS|TAMS 0x0000000713000000, 0x0000000713000000| Complete 
| 120|0x0000000713200000, 0x0000000713400000, 0x0000000713400000|100%| E|CS|TAMS 0x0000000713200000, 0x0000000713200000| Complete 
| 121|0x0000000713400000, 0x0000000713600000, 0x0000000713600000|100%| E|CS|TAMS 0x0000000713400000, 0x0000000713400000| Complete 
| 122|0x0000000713600000, 0x0000000713800000, 0x0000000713800000|100%| E|CS|TAMS 0x0000000713600000, 0x0000000713600000| Complete 
| 123|0x0000000713800000, 0x0000000713a00000, 0x0000000713a00000|100%| E|CS|TAMS 0x0000000713800000, 0x0000000713800000| Complete 
| 124|0x0000000713a00000, 0x0000000713c00000, 0x0000000713c00000|100%| E|CS|TAMS 0x0000000713a00000, 0x0000000713a00000| Complete 
| 125|0x0000000713c00000, 0x0000000713e00000, 0x0000000713e00000|100%| E|CS|TAMS 0x0000000713c00000, 0x0000000713c00000| Complete 
| 126|0x0000000713e00000, 0x0000000714000000, 0x0000000714000000|100%| E|CS|TAMS 0x0000000713e00000, 0x0000000713e00000| Complete 
| 127|0x0000000714000000, 0x0000000714200000, 0x0000000714200000|100%| E|CS|TAMS 0x0000000714000000, 0x0000000714000000| Complete 
| 128|0x0000000714200000, 0x0000000714400000, 0x0000000714400000|100%| E|CS|TAMS 0x0000000714200000, 0x0000000714200000| Complete 
| 129|0x0000000714400000, 0x0000000714600000, 0x0000000714600000|100%| E|CS|TAMS 0x0000000714400000, 0x0000000714400000| Complete 
| 130|0x0000000714600000, 0x0000000714800000, 0x0000000714800000|100%| E|CS|TAMS 0x0000000714600000, 0x0000000714600000| Complete 
| 131|0x0000000714800000, 0x0000000714a00000, 0x0000000714a00000|100%| E|CS|TAMS 0x0000000714800000, 0x0000000714800000| Complete 
| 132|0x0000000714a00000, 0x0000000714c00000, 0x0000000714c00000|100%| E|CS|TAMS 0x0000000714a00000, 0x0000000714a00000| Complete 
| 133|0x0000000714c00000, 0x0000000714e00000, 0x0000000714e00000|100%| E|CS|TAMS 0x0000000714c00000, 0x0000000714c00000| Complete 

Card table byte_map: [0x000002cb5c540000,0x000002cb5cd20000] _byte_map_base: 0x000002cb58d1f000

Marking Bits (Prev, Next): (CMBitMap*) 0x000002cb44f4aa40, (CMBitMap*) 0x000002cb44f4aa00
 Prev Bits: [0x000002cb61400000, 0x000002cb652f8000)
 Next Bits: [0x000002cb5d500000, 0x000002cb613f8000)

Polling page: 0x000002cb44690000

Metaspace:

Usage:
  Non-class:     56.05 MB used.
      Class:      7.09 MB used.
       Both:     63.15 MB used.

Virtual space:
  Non-class space:       64.00 MB reserved,      56.19 MB ( 88%) committed,  1 nodes.
      Class space:        1.00 GB reserved,       7.31 MB ( <1%) committed,  1 nodes.
             Both:        1.06 GB reserved,      63.50 MB (  6%) committed. 

Chunk freelists:
   Non-Class:  7.76 MB
       Class:  8.54 MB
        Both:  16.31 MB

MaxMetaspaceSize: unlimited
CompressedClassSpaceSize: 1.00 GB
Initial GC threshold: 21.00 MB
Current GC threshold: 98.38 MB
CDS: on
MetaspaceReclaimPolicy: balanced
 - commit_granule_bytes: 65536.
 - commit_granule_words: 8192.
 - virtual_space_node_default_size: 8388608.
 - enlarge_chunks_in_place: 1.
 - new_chunks_are_fully_committed: 0.
 - uncommit_free_chunks: 1.
 - use_allocation_guard: 0.
 - handle_deallocations: 1.


Internal statistics:

num_allocs_failed_limit: 9.
num_arena_births: 398.
num_arena_deaths: 0.
num_vsnodes_births: 2.
num_vsnodes_deaths: 0.
num_space_committed: 1014.
num_space_uncommitted: 0.
num_chunks_returned_to_freelist: 9.
num_chunks_taken_from_freelist: 2878.
num_chunk_merges: 9.
num_chunk_splits: 2178.
num_chunks_enlarged: 1819.
num_inconsistent_stats: 0.

CodeHeap 'non-profiled nmethods': size=120000Kb used=10463Kb max_used=10647Kb free=109536Kb
 bounds [0x000002cb54500000, 0x000002cb54f70000, 0x000002cb5ba30000]
CodeHeap 'profiled nmethods': size=120000Kb used=37792Kb max_used=38462Kb free=82208Kb
 bounds [0x000002cb4ca30000, 0x000002cb4efd0000, 0x000002cb53f60000]
CodeHeap 'non-nmethods': size=5760Kb used=1366Kb max_used=1430Kb free=4393Kb
 bounds [0x000002cb53f60000, 0x000002cb541d0000, 0x000002cb54500000]
 total_blobs=13707 nmethods=13074 adapters=540
 compilation: enabled
              stopped_count=0, restarted_count=0
 full_count=0

Compilation events (20 events):
Event: 71.883 Thread 0x000002cb6c00dad0 16541       3       org.jetbrains.kotlin.types.expressions.ExpressionTypingVisitorDispatcher$ForBlock::visitReturnExpression (10 bytes)
Event: 71.884 Thread 0x000002cb6c00dad0 nmethod 16541 0x000002cb4e114690 code [0x000002cb4e114860, 0x000002cb4e114b78]
Event: 71.907 Thread 0x000002cb6c00dad0 16542       3       org.jetbrains.kotlin.types.expressions.ExpressionTypingUtils::getTypeInfoOrNullType (47 bytes)
Event: 71.909 Thread 0x000002cb6c00dad0 nmethod 16542 0x000002cb4e119d10 code [0x000002cb4e11a020, 0x000002cb4e11ae38]
Event: 71.924 Thread 0x000002cb6c00dad0 16543       3       org.jetbrains.kotlin.resolve.calls.tower.ErrorCandidate$Classifier::<init> (64 bytes)
Event: 71.926 Thread 0x000002cb6c00dad0 nmethod 16543 0x000002cb4e26eb10 code [0x000002cb4e26ee20, 0x000002cb4e270008]
Event: 71.940 Thread 0x000002cb6c00dad0 16545       3       org.jetbrains.kotlin.types.checker.NullabilityChecker::isSubtypeOfAny (37 bytes)
Event: 71.942 Thread 0x000002cb6c00dad0 nmethod 16545 0x000002cb4ee80110 code [0x000002cb4ee80360, 0x000002cb4ee80a28]
Event: 71.942 Thread 0x000002cb6c00dad0 16547       3       org.jetbrains.kotlin.resolve.QualifiedExpressionResolveUtilKt::getCallableReceiverDescriptorRetainingTypeAliasReference (76 bytes)
Event: 71.945 Thread 0x000002cb6c00dad0 nmethod 16547 0x000002cb4e1d3e10 code [0x000002cb4e1d41c0, 0x000002cb4e1d5d58]
Event: 72.005 Thread 0x000002cb6c00dad0 16549       3       org.jetbrains.kotlin.com.intellij.psi.PsiElementFinder::getClassesFilter (11 bytes)
Event: 72.005 Thread 0x000002cb6c00dad0 nmethod 16549 0x000002cb4dd8dd90 code [0x000002cb4dd8df40, 0x000002cb4dd8e0c8]
Event: 72.008 Thread 0x000002cb6c00dad0 16550       3       org.jetbrains.kotlin.load.java.lazy.descriptors.LazyJavaStaticClassScope$flatMapJavaStaticSupertypesScopes$1$1::invoke (9 bytes)
Event: 72.009 Thread 0x000002cb6c00dad0 nmethod 16550 0x000002cb4d551490 code [0x000002cb4d551680, 0x000002cb4d551d18]
Event: 72.009 Thread 0x000002cb6c00dad0 16551       3       org.jetbrains.kotlin.load.java.lazy.descriptors.LazyJavaStaticClassScope$flatMapJavaStaticSupertypesScopes$1$1::invoke (26 bytes)
Event: 72.009 Thread 0x000002cb6c00dad0 nmethod 16551 0x000002cb4cb28d90 code [0x000002cb4cb28f80, 0x000002cb4cb294b8]
Event: 72.010 Thread 0x000002cb6c00dad0 16552       3       org.jetbrains.kotlin.serialization.deserialization.AbstractDeserializedPackageFragmentProvider::collectPackageFragments (27 bytes)
Event: 72.012 Thread 0x000002cb6c00dad0 nmethod 16552 0x000002cb4dacbe10 code [0x000002cb4dacc140, 0x000002cb4dacd258]
Event: 72.019 Thread 0x000002cb6c00dad0 16553       1       org.jetbrains.kotlin.synthetic.JavaSyntheticPropertiesScope$MyPropertyDescriptor::getSetMethod (5 bytes)
Event: 72.019 Thread 0x000002cb6c00dad0 nmethod 16553 0x000002cb54dc2e90 code [0x000002cb54dc3020, 0x000002cb54dc30f8]

GC Heap History (20 events):
Event: 46.438 GC heap before
{Heap before GC invocations=21 (full 0):
 garbage-first heap   total 274432K, used 224045K [0x0000000704200000, 0x0000000800000000)
  region size 2048K, 64 young (131072K), 1 survivors (2048K)
 Metaspace       used 62000K, committed 62336K, reserved 1114112K
  class space    used 7016K, committed 7168K, reserved 1048576K
}
Event: 46.440 GC heap after
{Heap after GC invocations=22 (full 0):
 garbage-first heap   total 274432K, used 94993K [0x0000000704200000, 0x0000000800000000)
  region size 2048K, 1 young (2048K), 1 survivors (2048K)
 Metaspace       used 62000K, committed 62336K, reserved 1114112K
  class space    used 7016K, committed 7168K, reserved 1048576K
}
Event: 47.120 GC heap before
{Heap before GC invocations=22 (full 0):
 garbage-first heap   total 274432K, used 228113K [0x0000000704200000, 0x0000000800000000)
  region size 2048K, 66 young (135168K), 1 survivors (2048K)
 Metaspace       used 62011K, committed 62336K, reserved 1114112K
  class space    used 7016K, committed 7168K, reserved 1048576K
}
Event: 47.121 GC heap after
{Heap after GC invocations=23 (full 0):
 garbage-first heap   total 274432K, used 95064K [0x0000000704200000, 0x0000000800000000)
  region size 2048K, 1 young (2048K), 1 survivors (2048K)
 Metaspace       used 62011K, committed 62336K, reserved 1114112K
  class space    used 7016K, committed 7168K, reserved 1048576K
}
Event: 47.697 GC heap before
{Heap before GC invocations=23 (full 0):
 garbage-first heap   total 274432K, used 230232K [0x0000000704200000, 0x0000000800000000)
  region size 2048K, 67 young (137216K), 1 survivors (2048K)
 Metaspace       used 62035K, committed 62336K, reserved 1114112K
  class space    used 7016K, committed 7168K, reserved 1048576K
}
Event: 47.699 GC heap after
{Heap after GC invocations=24 (full 0):
 garbage-first heap   total 274432K, used 95336K [0x0000000704200000, 0x0000000800000000)
  region size 2048K, 1 young (2048K), 1 survivors (2048K)
 Metaspace       used 62035K, committed 62336K, reserved 1114112K
  class space    used 7016K, committed 7168K, reserved 1048576K
}
Event: 48.149 GC heap before
{Heap before GC invocations=24 (full 0):
 garbage-first heap   total 274432K, used 232552K [0x0000000704200000, 0x0000000800000000)
  region size 2048K, 68 young (139264K), 1 survivors (2048K)
 Metaspace       used 62055K, committed 62400K, reserved 1114112K
  class space    used 7016K, committed 7168K, reserved 1048576K
}
Event: 48.151 GC heap after
{Heap after GC invocations=25 (full 0):
 garbage-first heap   total 274432K, used 95274K [0x0000000704200000, 0x0000000800000000)
  region size 2048K, 1 young (2048K), 1 survivors (2048K)
 Metaspace       used 62055K, committed 62400K, reserved 1114112K
  class space    used 7016K, committed 7168K, reserved 1048576K
}
Event: 48.572 GC heap before
{Heap before GC invocations=25 (full 0):
 garbage-first heap   total 274432K, used 234538K [0x0000000704200000, 0x0000000800000000)
  region size 2048K, 69 young (141312K), 1 survivors (2048K)
 Metaspace       used 62063K, committed 62400K, reserved 1114112K
  class space    used 7016K, committed 7168K, reserved 1048576K
}
Event: 48.574 GC heap after
{Heap after GC invocations=26 (full 0):
 garbage-first heap   total 274432K, used 95309K [0x0000000704200000, 0x0000000800000000)
  region size 2048K, 1 young (2048K), 1 survivors (2048K)
 Metaspace       used 62063K, committed 62400K, reserved 1114112K
  class space    used 7016K, committed 7168K, reserved 1048576K
}
Event: 49.134 GC heap before
{Heap before GC invocations=26 (full 0):
 garbage-first heap   total 274432K, used 236621K [0x0000000704200000, 0x0000000800000000)
  region size 2048K, 70 young (143360K), 1 survivors (2048K)
 Metaspace       used 62063K, committed 62400K, reserved 1114112K
  class space    used 7016K, committed 7168K, reserved 1048576K
}
Event: 49.136 GC heap after
{Heap after GC invocations=27 (full 0):
 garbage-first heap   total 274432K, used 95340K [0x0000000704200000, 0x0000000800000000)
  region size 2048K, 1 young (2048K), 1 survivors (2048K)
 Metaspace       used 62063K, committed 62400K, reserved 1114112K
  class space    used 7016K, committed 7168K, reserved 1048576K
}
Event: 49.594 GC heap before
{Heap before GC invocations=27 (full 0):
 garbage-first heap   total 274432K, used 236652K [0x0000000704200000, 0x0000000800000000)
  region size 2048K, 70 young (143360K), 1 survivors (2048K)
 Metaspace       used 62066K, committed 62400K, reserved 1114112K
  class space    used 7016K, committed 7168K, reserved 1048576K
}
Event: 49.596 GC heap after
{Heap after GC invocations=28 (full 0):
 garbage-first heap   total 274432K, used 95336K [0x0000000704200000, 0x0000000800000000)
  region size 2048K, 1 young (2048K), 1 survivors (2048K)
 Metaspace       used 62066K, committed 62400K, reserved 1114112K
  class space    used 7016K, committed 7168K, reserved 1048576K
}
Event: 53.517 GC heap before
{Heap before GC invocations=28 (full 0):
 garbage-first heap   total 274432K, used 238696K [0x0000000704200000, 0x0000000800000000)
  region size 2048K, 71 young (145408K), 1 survivors (2048K)
 Metaspace       used 63091K, committed 63360K, reserved 1114112K
  class space    used 7184K, committed 7296K, reserved 1048576K
}
Event: 53.532 GC heap after
{Heap after GC invocations=29 (full 0):
 garbage-first heap   total 274432K, used 101462K [0x0000000704200000, 0x0000000800000000)
  region size 2048K, 4 young (8192K), 4 survivors (8192K)
 Metaspace       used 63091K, committed 63360K, reserved 1114112K
  class space    used 7184K, committed 7296K, reserved 1048576K
}
Event: 60.462 GC heap before
{Heap before GC invocations=29 (full 0):
 garbage-first heap   total 274432K, used 232534K [0x0000000704200000, 0x0000000800000000)
  region size 2048K, 68 young (139264K), 4 survivors (8192K)
 Metaspace       used 64058K, committed 64320K, reserved 1114112K
  class space    used 7249K, committed 7360K, reserved 1048576K
}
Event: 60.491 GC heap after
{Heap after GC invocations=30 (full 0):
 garbage-first heap   total 274432K, used 111945K [0x0000000704200000, 0x0000000800000000)
  region size 2048K, 9 young (18432K), 9 survivors (18432K)
 Metaspace       used 64058K, committed 64320K, reserved 1114112K
  class space    used 7249K, committed 7360K, reserved 1048576K
}
Event: 66.353 GC heap before
{Heap before GC invocations=30 (full 0):
 garbage-first heap   total 274432K, used 224585K [0x0000000704200000, 0x0000000800000000)
  region size 2048K, 64 young (131072K), 9 survivors (18432K)
 Metaspace       used 64416K, committed 64640K, reserved 1114112K
  class space    used 7256K, committed 7360K, reserved 1048576K
}
Event: 66.392 GC heap after
{Heap after GC invocations=31 (full 0):
 garbage-first heap   total 274432K, used 121503K [0x0000000704200000, 0x0000000800000000)
  region size 2048K, 5 young (10240K), 5 survivors (10240K)
 Metaspace       used 64416K, committed 64640K, reserved 1114112K
  class space    used 7256K, committed 7360K, reserved 1048576K
}

Dll operation events (7 events):
Event: 0.016 Loaded shared library C:\Program Files\Microsoft\jdk-17.0.16.8-hotspot\bin\java.dll
Event: 0.061 Loaded shared library C:\Program Files\Microsoft\jdk-17.0.16.8-hotspot\bin\jsvml.dll
Event: 0.156 Loaded shared library C:\Program Files\Microsoft\jdk-17.0.16.8-hotspot\bin\net.dll
Event: 0.160 Loaded shared library C:\Program Files\Microsoft\jdk-17.0.16.8-hotspot\bin\nio.dll
Event: 0.200 Loaded shared library C:\Program Files\Microsoft\jdk-17.0.16.8-hotspot\bin\zip.dll
Event: 0.267 Loaded shared library C:\Program Files\Microsoft\jdk-17.0.16.8-hotspot\bin\jimage.dll
Event: 5.507 Loaded shared library C:\Program Files\Microsoft\jdk-17.0.16.8-hotspot\bin\verify.dll

Deoptimization events (20 events):
Event: 71.097 Thread 0x000002cb44edde10 Uncommon trap: trap_request=0xffffff45 fr.pc=0x000002cb54b3c17c relative=0x000000000000019c
Event: 71.097 Thread 0x000002cb44edde10 Uncommon trap: reason=unstable_if action=reinterpret pc=0x000002cb54b3c17c method=org.jetbrains.kotlin.protobuf.SmallSortedMap.binarySearchInArray(Ljava/lang/Comparable;)I @ 54 c2
Event: 71.097 Thread 0x000002cb44edde10 DEOPT PACKING pc=0x000002cb54b3c17c sp=0x000000d68f5f8d60
Event: 71.097 Thread 0x000002cb44edde10 DEOPT UNPACKING pc=0x000002cb53fba1a3 sp=0x000000d68f5f8c88 mode 2
Event: 71.116 Thread 0x000002cb44edde10 Uncommon trap: trap_request=0xffffff45 fr.pc=0x000002cb546e84dc relative=0x000000000000011c
Event: 71.116 Thread 0x000002cb44edde10 Uncommon trap: reason=unstable_if action=reinterpret pc=0x000002cb546e84dc method=org.jetbrains.kotlin.protobuf.SmallSortedMap.binarySearchInArray(Ljava/lang/Comparable;)I @ 54 c2
Event: 71.116 Thread 0x000002cb44edde10 DEOPT PACKING pc=0x000002cb546e84dc sp=0x000000d68f5f8cd0
Event: 71.116 Thread 0x000002cb44edde10 DEOPT UNPACKING pc=0x000002cb53fba1a3 sp=0x000000d68f5f8c70 mode 2
Event: 71.728 Thread 0x000002cb44edde10 Uncommon trap: trap_request=0xffffffde fr.pc=0x000002cb54a237f8 relative=0x0000000000000558
Event: 71.728 Thread 0x000002cb44edde10 Uncommon trap: reason=class_check action=maybe_recompile pc=0x000002cb54a237f8 method=org.jetbrains.kotlin.psi.psiUtil.KtPsiUtilKt.getQualifiedElementSelector(Lorg/jetbrains/kotlin/psi/KtElement;)Lorg/jetbrains/kotlin/psi/KtElement; @ 40 c2
Event: 71.729 Thread 0x000002cb44edde10 DEOPT PACKING pc=0x000002cb54a237f8 sp=0x000000d68f5f46d0
Event: 71.729 Thread 0x000002cb44edde10 DEOPT UNPACKING pc=0x000002cb53fba1a3 sp=0x000000d68f5f4670 mode 2
Event: 71.755 Thread 0x000002cb44edde10 Uncommon trap: trap_request=0xffffff45 fr.pc=0x000002cb54ef8228 relative=0x00000000000004e8
Event: 71.755 Thread 0x000002cb44edde10 Uncommon trap: reason=unstable_if action=reinterpret pc=0x000002cb54ef8228 method=org.jetbrains.kotlin.resolve.calls.results.SingleOverloadResolutionResult.getResultCode()Lorg/jetbrains/kotlin/resolve/calls/results/OverloadResolutionResults$Code; @ 17 c2
Event: 71.755 Thread 0x000002cb44edde10 DEOPT PACKING pc=0x000002cb54ef8228 sp=0x000000d68f5fc090
Event: 71.755 Thread 0x000002cb44edde10 DEOPT UNPACKING pc=0x000002cb53fba1a3 sp=0x000000d68f5fbfe8 mode 2
Event: 71.755 Thread 0x000002cb44edde10 Uncommon trap: trap_request=0xffffff45 fr.pc=0x000002cb54e12f20 relative=0x0000000000000580
Event: 71.755 Thread 0x000002cb44edde10 Uncommon trap: reason=unstable_if action=reinterpret pc=0x000002cb54e12f20 method=org.jetbrains.kotlin.resolve.calls.results.SingleOverloadResolutionResult.getResultCode()Lorg/jetbrains/kotlin/resolve/calls/results/OverloadResolutionResults$Code; @ 17 c2
Event: 71.755 Thread 0x000002cb44edde10 DEOPT PACKING pc=0x000002cb54e12f20 sp=0x000000d68f5fbfc0
Event: 71.755 Thread 0x000002cb44edde10 DEOPT UNPACKING pc=0x000002cb53fba1a3 sp=0x000000d68f5fbf80 mode 2

Classes loaded (20 events):
Event: 20.375 Loading class java/util/stream/Node$Builder done
Event: 20.375 Loading class java/util/stream/SpinedBuffer
Event: 20.378 Loading class java/util/stream/AbstractSpinedBuffer
Event: 20.378 Loading class java/util/stream/AbstractSpinedBuffer done
Event: 20.378 Loading class java/util/stream/SpinedBuffer done
Event: 20.378 Loading class java/util/stream/Nodes$SpinedNodeBuilder done
Event: 22.310 Loading class java/util/concurrent/locks/AbstractQueuedSynchronizer$Node
Event: 22.310 Loading class java/util/concurrent/locks/AbstractQueuedSynchronizer$Node done
Event: 24.068 Loading class java/util/Collections$2
Event: 24.070 Loading class java/util/Collections$2 done
Event: 50.471 Loading class jdk/internal/math/FloatingDecimal$ASCIIToBinaryBuffer
Event: 50.518 Loading class jdk/internal/math/FloatingDecimal$ASCIIToBinaryBuffer done
Event: 58.330 Loading class java/util/regex/Pattern$Bound
Event: 58.331 Loading class java/util/regex/Pattern$Bound done
Event: 58.331 Loading class java/util/regex/Pattern$NotBehind
Event: 58.331 Loading class java/util/regex/Pattern$NotBehind done
Event: 71.172 Loading class java/lang/Byte$ByteCache
Event: 71.196 Loading class java/lang/Byte$ByteCache done
Event: 71.274 Loading class java/lang/Short$ShortCache
Event: 71.274 Loading class java/lang/Short$ShortCache done

Classes unloaded (0 events):
No events

Classes redefined (0 events):
No events

Internal exceptions (20 events):
Event: 23.704 Thread 0x000002cb44edde10 Exception <a 'java/lang/IncompatibleClassChangeError'{0x00000007137975c0}: Found class java.lang.Object, but interface was expected> (0x00000007137975c0) 
thrown [s\src\hotspot\share\interpreter\linkResolver.cpp, line 826]
Event: 23.716 Thread 0x000002cb44edde10 Implicit null exception at 0x000002cb54806376 to 0x000002cb548068ec
Event: 23.900 Thread 0x000002cb44edde10 Exception <a 'java/lang/NoSuchMethodError'{0x00000007135be2f8}: 'int java.lang.invoke.DirectMethodHandle$Holder.invokeStaticInit(java.lang.Object, int)'> (0x00000007135be2f8) 
thrown [s\src\hotspot\share\interpreter\linkResolver.cpp, line 759]
Event: 24.106 Thread 0x000002cb44edde10 Exception <a 'java/lang/NoSuchMethodError'{0x00000007133c72e0}: 'java.lang.Object java.lang.invoke.DirectMethodHandle$Holder.invokeStatic(java.lang.Object, int, java.lang.Object)'> (0x00000007133c72e0) 
thrown [s\src\hotspot\share\interpreter\linkResolver.cpp, line 759]
Event: 25.706 Thread 0x000002cb44edde10 Exception <a 'java/lang/NoSuchMethodError'{0x0000000711cf1d60}: 'java.lang.Object java.lang.invoke.DirectMethodHandle$Holder.invokeStatic(java.lang.Object, int, java.lang.Object, java.lang.Object)'> (0x0000000711cf1d60) 
thrown [s\src\hotspot\share\interpreter\linkResolver.cpp, line 759]
Event: 25.708 Thread 0x000002cb44edde10 Exception <a 'java/lang/NoSuchMethodError'{0x0000000711cf9ec0}: 'java.lang.Object java.lang.invoke.DirectMethodHandle$Holder.newInvokeSpecial(java.lang.Object, int, java.lang.Object)'> (0x0000000711cf9ec0) 
thrown [s\src\hotspot\share\interpreter\linkResolver.cpp, line 759]
Event: 28.883 Thread 0x000002cb44edde10 Exception <a 'java/lang/NoSuchMethodError'{0x000000070e5e8268}: 'void java.lang.invoke.DirectMethodHandle$Holder.invokeStatic(java.lang.Object, java.lang.Object, java.lang.Object)'> (0x000000070e5e8268) 
thrown [s\src\hotspot\share\interpreter\linkResolver.cpp, line 759]
Event: 28.949 Thread 0x000002cb44edde10 Exception <a 'java/lang/NoSuchMethodError'{0x000000070e248a20}: 'java.lang.Object java.lang.invoke.DirectMethodHandle$Holder.newInvokeSpecial(java.lang.Object, java.lang.Object, java.lang.Object, java.lang.Object, java.lang.Object, java.lang.Object, java.lang.Object)'> (0x000000070e248a20) 
thrown [s\src\hotspot\share\interpreter\linkResolver.cpp, line 759]
Event: 28.950 Thread 0x000002cb44edde10 Exception <a 'java/lang/NoSuchMethodError'{0x000000070e24ddd0}: 'java.lang.Object java.lang.invoke.Invokers$Holder.linkToTargetMethod(java.lang.Object, java.lang.Object, java.lang.Object, java.lang.Object, java.lang.Object, java.lang.Object, java.lang.Object)'> (0x000000070e24ddd0) 
thrown [s\src\hotspot\share\interpreter\linkResolver.cpp, line 759]
Event: 32.682 Thread 0x000002cb44edde10 Implicit null exception at 0x000002cb546ef6b1 to 0x000002cb546f4014
Event: 33.168 Thread 0x000002cb44edde10 Implicit null exception at 0x000002cb546ce443 to 0x000002cb546ce705
Event: 37.144 Thread 0x000002cb44edde10 Implicit null exception at 0x000002cb5451fcf2 to 0x000002cb54520340
Event: 37.191 Thread 0x000002cb44edde10 Implicit null exception at 0x000002cb545209f2 to 0x000002cb5452105c
Event: 38.527 Thread 0x000002cb44edde10 Implicit null exception at 0x000002cb54a38b59 to 0x000002cb54a394e0
Event: 41.011 Thread 0x000002cb44edde10 Implicit null exception at 0x000002cb549377af to 0x000002cb54937834
Event: 58.180 Thread 0x000002cb44edde10 Implicit null exception at 0x000002cb54e1e86f to 0x000002cb54e1ea28
Event: 58.587 Thread 0x000002cb44edde10 Implicit null exception at 0x000002cb54570e14 to 0x000002cb54571054
Event: 59.963 Thread 0x000002cb44edde10 Implicit null exception at 0x000002cb54e1f02f to 0x000002cb54e1f45c
Event: 66.663 Thread 0x000002cb44edde10 Implicit null exception at 0x000002cb54e08d7b to 0x000002cb54e08e4c
Event: 71.068 Thread 0x000002cb44edde10 Implicit null exception at 0x000002cb54920c34 to 0x000002cb54920cc5

VM Operations (20 events):
Event: 66.668 Executing VM operation: HandshakeAllThreads
Event: 66.668 Executing VM operation: HandshakeAllThreads done
Event: 67.108 Executing VM operation: ICBufferFull
Event: 67.108 Executing VM operation: ICBufferFull done
Event: 67.333 Executing VM operation: HandshakeAllThreads
Event: 67.341 Executing VM operation: HandshakeAllThreads done
Event: 67.598 Executing VM operation: HandshakeAllThreads
Event: 67.598 Executing VM operation: HandshakeAllThreads done
Event: 68.604 Executing VM operation: Cleanup
Event: 68.604 Executing VM operation: Cleanup done
Event: 69.608 Executing VM operation: Cleanup
Event: 69.608 Executing VM operation: Cleanup done
Event: 70.485 Executing VM operation: ICBufferFull
Event: 70.485 Executing VM operation: ICBufferFull done
Event: 71.178 Executing VM operation: HandshakeAllThreads
Event: 71.199 Executing VM operation: HandshakeAllThreads done
Event: 71.521 Executing VM operation: ICBufferFull
Event: 71.522 Executing VM operation: ICBufferFull done
Event: 71.964 Executing VM operation: ICBufferFull
Event: 71.964 Executing VM operation: ICBufferFull done

Memory protections (0 events):
No events

Nmethod flushes (20 events):
Event: 71.233 Thread 0x000002cb6c0754d0 flushing  nmethod 0x000002cb4e2e9590
Event: 71.233 Thread 0x000002cb6c0754d0 flushing  nmethod 0x000002cb4e303110
Event: 71.234 Thread 0x000002cb6c0754d0 flushing  nmethod 0x000002cb4e327710
Event: 71.234 Thread 0x000002cb6c0754d0 flushing  nmethod 0x000002cb4e389590
Event: 71.234 Thread 0x000002cb6c0754d0 flushing  nmethod 0x000002cb4e3c4b10
Event: 71.234 Thread 0x000002cb6c0754d0 flushing  nmethod 0x000002cb4e3dcd10
Event: 71.235 Thread 0x000002cb6c0754d0 flushing  nmethod 0x000002cb4e459b90
Event: 71.236 Thread 0x000002cb6c0754d0 flushing  nmethod 0x000002cb4e635090
Event: 71.237 Thread 0x000002cb6c0754d0 flushing  nmethod 0x000002cb4e6bf390
Event: 71.238 Thread 0x000002cb6c0754d0 flushing  nmethod 0x000002cb4e8d9810
Event: 71.238 Thread 0x000002cb6c0754d0 flushing  nmethod 0x000002cb4e8f0b90
Event: 71.240 Thread 0x000002cb6c0754d0 flushing  nmethod 0x000002cb4eaedb10
Event: 71.242 Thread 0x000002cb6c0754d0 flushing  nmethod 0x000002cb4ebf5090
Event: 71.242 Thread 0x000002cb6c0754d0 flushing  nmethod 0x000002cb4ec3d190
Event: 71.243 Thread 0x000002cb6c0754d0 flushing  nmethod 0x000002cb4ed56e90
Event: 71.243 Thread 0x000002cb6c0754d0 flushing  nmethod 0x000002cb4ed90f10
Event: 71.243 Thread 0x000002cb6c0754d0 flushing  nmethod 0x000002cb4edb1290
Event: 71.243 Thread 0x000002cb6c0754d0 flushing  nmethod 0x000002cb4edc6d90
Event: 71.245 Thread 0x000002cb6c0754d0 flushing  nmethod 0x000002cb4ef55310
Event: 71.245 Thread 0x000002cb6c0754d0 flushing  nmethod 0x000002cb4ef56110

Events (20 events):
Event: 28.002 Thread 0x000002cb6c00dad0 Thread added: 0x000002cb6e3266e0
Event: 31.350 Thread 0x000002cb6e3266e0 Thread exited: 0x000002cb6e3266e0
Event: 31.353 Thread 0x000002cb6df94220 Thread exited: 0x000002cb6df94220
Event: 31.391 Thread 0x000002cb6c00dad0 Thread added: 0x000002cb6e3266e0
Event: 31.477 Thread 0x000002cb6c00dad0 Thread added: 0x000002cb6c8bc080
Event: 33.608 Thread 0x000002cb6c8bc080 Thread exited: 0x000002cb6c8bc080
Event: 34.522 Thread 0x000002cb6e3266e0 Thread exited: 0x000002cb6e3266e0
Event: 35.147 Thread 0x000002cb6c00dad0 Thread added: 0x000002cb70524a70
Event: 36.387 Thread 0x000002cb70524a70 Thread exited: 0x000002cb70524a70
Event: 36.541 Thread 0x000002cb6c00dad0 Thread added: 0x000002cb70524a70
Event: 38.280 Thread 0x000002cb6c00dad0 Thread added: 0x000002cb6e4c3890
Event: 38.845 Thread 0x000002cb6e4c3890 Thread exited: 0x000002cb6e4c3890
Event: 38.853 Thread 0x000002cb70524a70 Thread exited: 0x000002cb70524a70
Event: 38.878 Thread 0x000002cb6c00dad0 Thread added: 0x000002cb70524a70
Event: 40.009 Thread 0x000002cb6c00dad0 Thread added: 0x000002cb6e4c3890
Event: 46.490 Thread 0x000002cb6e4c3890 Thread exited: 0x000002cb6e4c3890
Event: 46.509 Thread 0x000002cb70524a70 Thread exited: 0x000002cb70524a70
Event: 48.338 Thread 0x000002cb6c00dad0 Thread added: 0x000002cb70524a70
Event: 49.192 Thread 0x000002cb70524a70 Thread exited: 0x000002cb70524a70
Event: 50.007 Thread 0x000002cb6c00dad0 Thread added: 0x000002cb70524a70


Dynamic libraries:
0x00007ff613a70000 - 0x00007ff613a7e000 	C:\Program Files\Microsoft\jdk-17.0.16.8-hotspot\bin\java.exe
0x00007ff947050000 - 0x00007ff947268000 	C:\WINDOWS\SYSTEM32\ntdll.dll
0x00007ff9459e0000 - 0x00007ff945aa4000 	C:\WINDOWS\System32\KERNEL32.DLL
0x00007ff9447a0000 - 0x00007ff944b73000 	C:\WINDOWS\System32\KERNELBASE.dll
0x00007ff944260000 - 0x00007ff944371000 	C:\WINDOWS\System32\ucrtbase.dll
0x00007ff935c70000 - 0x00007ff935c88000 	C:\Program Files\Microsoft\jdk-17.0.16.8-hotspot\bin\jli.dll
0x00007ff9469c0000 - 0x00007ff946b72000 	C:\WINDOWS\System32\USER32.dll
0x00007ff944540000 - 0x00007ff944566000 	C:\WINDOWS\System32\win32u.dll
0x00007ff9468f0000 - 0x00007ff946919000 	C:\WINDOWS\System32\GDI32.dll
0x00007ff944380000 - 0x00007ff94449b000 	C:\WINDOWS\System32\gdi32full.dll
0x00007ff9444a0000 - 0x00007ff94453a000 	C:\WINDOWS\System32\msvcp_win.dll
0x00007ff935c50000 - 0x00007ff935c6e000 	C:\Program Files\Microsoft\jdk-17.0.16.8-hotspot\bin\VCRUNTIME140.dll
0x00007ff933c10000 - 0x00007ff933eac000 	C:\WINDOWS\WinSxS\amd64_microsoft.windows.common-controls_6595b64144ccf1df_6.0.22621.6060_none_2712eda17382d24b\COMCTL32.dll
0x00007ff946d40000 - 0x00007ff946de7000 	C:\WINDOWS\System32\msvcrt.dll
0x00007ff9459a0000 - 0x00007ff9459d1000 	C:\WINDOWS\System32\IMM32.DLL
0x00007ff9389a0000 - 0x00007ff9389ac000 	C:\Program Files\Microsoft\jdk-17.0.16.8-hotspot\bin\vcruntime140_1.dll
0x00007ff923c10000 - 0x00007ff923c99000 	C:\Program Files\Microsoft\jdk-17.0.16.8-hotspot\bin\msvcp140.dll
0x00007ff8f1cc0000 - 0x00007ff8f293a000 	C:\Program Files\Microsoft\jdk-17.0.16.8-hotspot\bin\server\jvm.dll
0x00007ff944eb0000 - 0x00007ff944f61000 	C:\WINDOWS\System32\ADVAPI32.dll
0x00007ff944cf0000 - 0x00007ff944d98000 	C:\WINDOWS\System32\sechost.dll
0x00007ff944630000 - 0x00007ff944658000 	C:\WINDOWS\System32\bcrypt.dll
0x00007ff945ab0000 - 0x00007ff945bc8000 	C:\WINDOWS\System32\RPCRT4.dll
0x00007ff945920000 - 0x00007ff945991000 	C:\WINDOWS\System32\WS2_32.dll
0x00007ff943e80000 - 0x00007ff943ecd000 	C:\WINDOWS\SYSTEM32\POWRPROF.dll
0x00007ff939410000 - 0x00007ff939444000 	C:\WINDOWS\SYSTEM32\WINMM.dll
0x00007ff93a570000 - 0x00007ff93a57a000 	C:\WINDOWS\SYSTEM32\VERSION.dll
0x00007ff943e60000 - 0x00007ff943e73000 	C:\WINDOWS\SYSTEM32\UMPDC.dll
0x00007ff943110000 - 0x00007ff943128000 	C:\WINDOWS\SYSTEM32\kernel.appcore.dll
0x00007ff936750000 - 0x00007ff93675a000 	C:\Program Files\Microsoft\jdk-17.0.16.8-hotspot\bin\jimage.dll
0x00007ff9413c0000 - 0x00007ff9415f3000 	C:\WINDOWS\SYSTEM32\DBGHELP.DLL
0x00007ff945bd0000 - 0x00007ff945f61000 	C:\WINDOWS\System32\combase.dll
0x00007ff9456e0000 - 0x00007ff9457b8000 	C:\WINDOWS\System32\OLEAUT32.dll
0x00007ff926410000 - 0x00007ff926442000 	C:\WINDOWS\SYSTEM32\dbgcore.DLL
0x00007ff9441e0000 - 0x00007ff94425b000 	C:\WINDOWS\System32\bcryptPrimitives.dll
0x00007ff935c20000 - 0x00007ff935c46000 	C:\Program Files\Microsoft\jdk-17.0.16.8-hotspot\bin\java.dll
0x00007ff8fb0b0000 - 0x00007ff8fb186000 	C:\Program Files\Microsoft\jdk-17.0.16.8-hotspot\bin\jsvml.dll
0x00007ff946020000 - 0x00007ff9468bc000 	C:\WINDOWS\System32\SHELL32.dll
0x00007ff944660000 - 0x00007ff94479f000 	C:\WINDOWS\System32\wintypes.dll
0x00007ff942010000 - 0x00007ff94292a000 	C:\WINDOWS\SYSTEM32\windows.storage.dll
0x00007ff944fd0000 - 0x00007ff9450d4000 	C:\WINDOWS\System32\SHCORE.dll
0x00007ff946df0000 - 0x00007ff946e59000 	C:\WINDOWS\System32\shlwapi.dll
0x00007ff944090000 - 0x00007ff9440b5000 	C:\WINDOWS\SYSTEM32\profapi.dll
0x00007ff935c00000 - 0x00007ff935c1b000 	C:\Program Files\Microsoft\jdk-17.0.16.8-hotspot\bin\net.dll
0x00007ff93cac0000 - 0x00007ff93cbec000 	C:\WINDOWS\SYSTEM32\WINHTTP.dll
0x00007ff9435e0000 - 0x00007ff943649000 	C:\WINDOWS\system32\mswsock.dll
0x00007ff9358b0000 - 0x00007ff9358c6000 	C:\Program Files\Microsoft\jdk-17.0.16.8-hotspot\bin\nio.dll
0x00007ff935890000 - 0x00007ff9358a8000 	C:\Program Files\Microsoft\jdk-17.0.16.8-hotspot\bin\zip.dll
0x00007ff9363f0000 - 0x00007ff936400000 	C:\Program Files\Microsoft\jdk-17.0.16.8-hotspot\bin\verify.dll

dbghelp: loaded successfully - version: 4.0.5 - missing functions: none
symbol engine: initialized successfully - sym options: 0x614 - pdb path: .;C:\Program Files\Microsoft\jdk-17.0.16.8-hotspot\bin;C:\WINDOWS\SYSTEM32;C:\WINDOWS\WinSxS\amd64_microsoft.windows.common-controls_6595b64144ccf1df_6.0.22621.6060_none_2712eda17382d24b;C:\Program Files\Microsoft\jdk-17.0.16.8-hotspot\bin\server

VM Arguments:
java_command: org.jetbrains.kotlin.cli.jvm.K2JVMCompiler @D:\Civic connect\node_modules\expo-modules-core\android\build\20260223_12854508388381991576.compiler.options
java_class_path (initial): C:\Users\tarun\.gradle\caches\modules-2\files-2.1\org.jetbrains.kotlin\kotlin-compiler-embeddable\1.8.0\eb9118d4bcceaa2a94b2ae2a33a4ddba7c9a947f\kotlin-compiler-embeddable-1.8.0.jar;C:\Users\tarun\.gradle\caches\modules-2\files-2.1\org.jetbrains.kotlin\kotlin-stdlib\1.8.0\1796921c7a3e2e2665a83e6c8d33399336cd39bc\kotlin-stdlib-1.8.0.jar;C:\Users\tarun\.gradle\caches\modules-2\files-2.1\org.jetbrains.kotlin\kotlin-script-runtime\1.8.0\b2f7e760d283cb339974851c222a4c1d48f2d3d\kotlin-script-runtime-1.8.0.jar;C:\Users\tarun\.gradle\caches\modules-2\files-2.1\org.jetbrains.kotlin\kotlin-reflect\1.6.10\1cbe9c92c12a94eea200d23c2bbaedaf3daf5132\kotlin-reflect-1.6.10.jar;C:\Users\tarun\.gradle\caches\modules-2\files-2.1\org.jetbrains.kotlin\kotlin-daemon-embeddable\1.8.0\d255216c551685dc3a7e852b53617f5f01aaaa5c\kotlin-daemon-embeddable-1.8.0.jar;C:\Users\tarun\.gradle\caches\modules-2\files-2.1\org.jetbrains.intellij.deps\trove4j\1.0.20200330\3afb14d5f9ceb459d724e907a21145e8ff394f02\trove4j-1.0.20200330.jar;C:\Users\tarun\.gradle\caches\modules-2\files-2.1\net.java.dev.jna\jna\5.6.0\330f2244e9030119ab3030fc3fededc86713d9cc\jna-5.6.0.jar;C:\Users\tarun\.gradle\caches\modules-2\files-2.1\org.jetbrains.kotlin\kotlin-stdlib-common\1.8.0\f7197e7cc76453ac59f8b0f8d5137cc600becd36\kotlin-stdlib-common-1.8.0.jar;C:\Users\tarun\.gradle\caches\modules-2\files-2.1\org.jetbrains\annotations\13.0\919f0dfe192fb4e063e7dacadee7f8bb9a2672a9\annotations-13.0.jar
Launcher Type: SUN_STANDARD

[Global flags]
     intx CICompilerCount                          = 4                                         {product} {ergonomic}
     uint ConcGCThreads                            = 2                                         {product} {ergonomic}
     uint G1ConcRefinementThreads                  = 8                                         {product} {ergonomic}
   size_t G1HeapRegionSize                         = 2097152                                   {product} {ergonomic}
    uintx GCDrainStackTargetSize                   = 64                                        {product} {ergonomic}
   size_t InitialHeapSize                          = 264241152                                 {product} {ergonomic}
   size_t MarkStackSize                            = 4194304                                   {product} {ergonomic}
   size_t MaxHeapSize                              = 4225761280                                {product} {ergonomic}
   size_t MaxNewSize                               = 2535456768                                {product} {ergonomic}
   size_t MinHeapDeltaBytes                        = 2097152                                   {product} {ergonomic}
   size_t MinHeapSize                              = 8388608                                   {product} {ergonomic}
    uintx NonNMethodCodeHeapSize                   = 5839372                                {pd product} {ergonomic}
    uintx NonProfiledCodeHeapSize                  = 122909434                              {pd product} {ergonomic}
    uintx ProfiledCodeHeapSize                     = 122909434                              {pd product} {ergonomic}
    uintx ReservedCodeCacheSize                    = 251658240                              {pd product} {ergonomic}
     bool SegmentedCodeCache                       = true                                      {product} {ergonomic}
   size_t SoftMaxHeapSize                          = 4225761280                             {manageable} {ergonomic}
     bool UseCompressedClassPointers               = true                           {product lp64_product} {ergonomic}
     bool UseCompressedOops                        = true                           {product lp64_product} {ergonomic}
     bool UseG1GC                                  = true                                      {product} {ergonomic}
     bool UseLargePagesIndividualAllocation        = false                                  {pd product} {ergonomic}

Logging:
Log output configuration:
 #0: stdout all=warning uptime,level,tags
 #1: stderr all=off uptime,level,tags

Environment Variables:
JAVA_HOME=C:\Program Files\Microsoft\jdk-17.0.16.8-hotspot\
CLASSPATH=D:\Civic connect\apps\mobile\android\\gradle\wrapper\gradle-wrapper.jar
PATH=C:\Program Files\Microsoft\jdk-17.0.16.8-hotspot\bin;C:\oraclexe\app\oracle\product\11.2.0\server\bin;C:\WINDOWS\system32;C:\WINDOWS;C:\WINDOWS\System32\Wbem;C:\WINDOWS\System32\WindowsPowerShell\v1.0\;C:\WINDOWS\System32\OpenSSH\;C:\Program Files\dotnet\;C:\MinGW\bin;C:\Program Files\Java\jdk-21\bin;C:\Program Files\php-8.4.4;C:\ProgramData\ComposerSetup\bin;C:\Program Files\Git\cmd;C:\Program Files\Git\mingw64\bin;C:\Program Files\Git\usr\bin;C:\ProgramData\chocolatey\bin;C:\Program Files\nodejs\;C:\Users\tarun\AppData\Local\Android\Sdk\platform-tools;C:\Users\tarun\AppData\Local\Programs\Python\Python314\Scripts\;C:\Users\tarun\AppData\Local\Programs\Python\Python314\;C:\Users\tarun\AppData\Local\Programs\Python\Launcher\;C:\Program Files\Microsoft\jdk-17.0.16.8-hotspot\bin;C:\oraclexe\app\oracle\product\11.2.0\server\bin;C:\WINDOWS\system32;C:\WINDOWS;C:\WINDOWS\System32\Wbem;C:\WINDOWS\System32\WindowsPowerShell\v1.0\;C:\WINDOWS\System32\OpenSSH\;C:\Program Files\dotnet\;C:\MinGW\bin;C:\Program Files\Java\jdk-21\bin;C:\Program Files\php-8.4.4;C:\ProgramData\ComposerSetup\bin;C:\Program Files\Git\cmd;C:\Program Files\Git\mingw64\bin;C:\Program Files\Git\usr\bin;C:\ProgramData\chocolatey\bin;C:\Program Files\nodejs\;C:\Users\tarun\AppData\Local\Android\Sdk\platform-tools;;C:\Users\tarun\AppData\Local\Android\Sdk\platform-tools;C:\Users\tarun\AppData\Local\Android\Sdk\emulator;C:\Users\tarun\AppData\Local\Programs\Microsoft VS Code\bin;C:\Users\tarun\AppData\Local\Python\bin;C:\Users\tarun\AppData\Local\Programs\cursor\resources\app\bin;c:\Users\tarun\.cursor\extensions\vscjava.vscode-java-debug-0.58.5-universal\bundled\scripts\noConfigScripts;c:\Users\tarun\.cursor\extensions\ms-python.debugpy-2025.18.0-win32-x64\bundled\scripts\noConfigScripts
USERNAME=tarun
LANG=en_US.UTF-8
OS=Windows_NT
PROCESSOR_IDENTIFIER=Intel64 Family 6 Model 140 Stepping 1, GenuineIntel
TMP=C:\Users\tarun\AppData\Local\Temp
TEMP=C:\Users\tarun\AppData\Local\Temp



Periodic native trim disabled


---------------  S Y S T E M  ---------------

OS:
 Windows 11 , 64 bit Build 22621 (10.0.22621.5415)
OS uptime: 2 days 21:27 hours
Hyper-V role detected

CPU: total 8 (initial active 8) (4 cores per cpu, 2 threads per core) family 6 model 140 stepping 1 microcode 0xbe, cx8, cmov, fxsr, ht, mmx, 3dnowpref, sse, sse2, sse3, ssse3, sse4.1, sse4.2, popcnt, lzcnt, tsc, tscinvbit, avx, avx2, aes, erms, clmul, bmi1, bmi2, adx, avx512f, avx512dq, avx512cd, avx512bw, avx512vl, sha, fma, vzeroupper, avx512_vpopcntdq, avx512_vpclmulqdq, avx512_vaes, avx512_vnni, clflush, clflushopt, clwb, avx512_vbmi2, avx512_vbmi, hv
Processor Information for the first 8 processors :
  Max Mhz: 2419, Current Mhz: 2419, Mhz Limit: 2419

Memory: 4k page, system-wide physical 16118M (140M free)
TotalPageFile size 24971M (AvailPageFile size 21M)
current process WorkingSet (physical memory assigned to process): 508M, peak: 513M
current process commit charge ("private bytes"): 562M, peak: 575M

vm_info: OpenJDK 64-Bit Server VM (17.0.16+8-LTS) for windows-amd64 JRE (17.0.16+8-LTS), built on Jul 10 2025 00:24:24 by "MicrosoftCorporation" with unknown MS VC++:1944

END.
